Frosted Flakes
Samuel Johnsons
Sam_Joh_Frie_1
Sam_Joh_Frie_2
biographer
Biographer
VHS
cognac
Magna Carta
Verrazano-Narrows
Golden Gate
Mackinac
George Washington
Tacoma Narrows
Al Zampa Memorial
Glen Canyon
Dworshak
Hoover
Oroville
Harvard
College of William & Mary
Yale
Princeton
Billy Joel
Chiricahua
Yellow Labrador
English
Can we talk
Corvette
NJ
New York City
Atlantic City
Ingmar Bergman
snakebite poisoning
Stradivarius
49ers
World War II
Kentucky Dery
The Lion in Winter
West Side Story
Crushman
Wakefield
John C. Calhoun
Henry Clay
Jacques Cousteau
Legislative branch
Canary Islands
Christmas ornaments
Flintstones
Sea World
94.5 KDGE Radio
Massachusetts General Hospital
The Enquirer
Godiva chocolates
Ponce de Leon
AZ
Kathie Lee Gifford
John Lennon
Vasco da Gama
EKG
NAFTA
SIDS
Nicholas Cage
Vincent Van Gogh
Wayne Gretzky
Northern Lights
vitamin B1
Betsy Ross
CPR
Dick Clark
Dr. Ruth
Martin Luther King Jr.
Original Equipment Manufacturer
Original Equipment Manufacturer
Los Angeles International
June
Nile river
state of Alaska
Sea of Tranquility
Notre Dame University
the Netherlands
Greek god
Salt Lake City newspaper
Joan Jett
Roy Roger
chocolate
Jewish alphabet
the Lion King
The Lion King
University of Kentucky
Soviet Union
1957
Parsippany
NJ
Wisconsin Badgers
Winnie the Pooh
Buffalo Sabres
Madilyn Kahn
Gene Wilder
Jackson Pollock
New York City
Twin Towers
Titanic
Paul Harvey
Fargo
Moorhead
Cleaveland Cavaliers
Battle of Bighorn
Martha Stewart
Niagra Falls
Filenes
Bouvier
Willie Davis
baseball
Golden Gate Bridge
Budweiser commercials
Woodrow Wilson President
Mayans
eruption of Mount Pinatubo
Jacques Cousteau
1836
Alyssa Milano
Tony Danza
Titanic
Manhattan
W.C.Fields
Christopher Columbus
Columbus
The Incredible Hulk
Vietnam War
WWII
Mona Lisa
Lou Gehrig
Myrtle Beach
Silence of the Lambs
Galloping Gourmet
Tampa newspaper
Eli Lily
National Archives
U.S. headquarters for Procter and Gamble
Howard Hughes
Inuits
Woodstock
Mother Angelica
Ayer's rock
Basque
John Wayne
Kings Canyon
Logan International
McCarren Airport
Ocho Rios
Rider College
Kwai
Euphrates River
Grand Canyon
Holland Tunnel
Kalahari
Orange Bowl
Mall of the America
Mayo Clinic
Shawnee National Forest
Smithsonian Institute
Thomas Edison Museum
Valley of the Kings
Olympus Mons
Tufts University
Windsor Castle
John Adams
Poe
Pythagoras
Tesla
President McKinley
Neuromancer
The Muppets
Scrooge
Garfield
Macintosh computer
Scrabble
pyramid of Giza
Wal-Mart
religion of Islam
Caesar
Martin Luther King
Magic Chef applicances
PhotoShop
St. Louis Rams
Olympia
Dead Poet’s Society
Jake and the Fatman
telephone service
Orange County
Billy the Kid
Dominos Pizza
Charles Lindbergh
Darth Vader
Harper’s Ferry
1859