RecreationalFacility
Recreational facility
recreational facility
recreational facilities
access area
access areas
access site
access sites
boardwalk
boardwalks
casino
casinos
club
clubs
fairground
fairgrounds
fishing area
fishing areas
fishing lodge
fishing lodges
fitness center
fitness centers
hunt post
hunt posts
hunting lodge
hunting lodges
ice skating rink
ice skating rinks
recreation site
recreation sites
resort
resorts
riding stable
riding stables
spa
spa
sportsman lodge
sportsman lodges
stable
stables
youth center
youth centers
youth facility
youth facilities
Access area
Access areas
Access site
Access sites
Boardwalk
Boardwalks
Casino
Casinos
Club
Clubs
Fairground
Fairgrounds
Fishing area
Fishing areas
Fishing lodge
Fishing lodges
Fitness center
Fitness centers
Hunt post
Hunt posts
Hunting lodge
Hunting lodges
Ice skating rink
Ice skating rinks
Recreation site
Recreation sites
Resort
Resorts
Riding stable
Riding stables
Spa
Spa
Sportsman lodge
Sportsman lodges
Stable
Stables
Youth center
Youth centers
Youth facility
Youth facilities