SportFacility
sport facility
sport facilities
Sport facilities
aquatic centers
aquatic center
arenas
arena
athletic complexes
athletic complex
athletic fields
athletic field
ball parks
ball park
baseball fields
baseball field
dragways
dragway
equestrian centers
equestrian center
fields
field
football fields
football field
golf courses
golf course
raceways
raceway
rifle range
rifle ranges
rodeo ground
rodeo grounds
shooting range
shooting ranges
skeet shooting range
skeet shooting ranges
ski area
ski areas
ski facility
ski facilities
ski trail
ski trails
speedway
speedways
stadium
stadiums
swimming pool
swimming pools
tennis court
tennis courts
Aquatic centers
Aquatic center
Arenas
Arena
Athletic complexes
Athletic complex
Athletic fields
Athletic field
Ball parks
Ball park
Baseball fields
Baseball field
Dragways
Dragway
Equestrian centers
Equestrian center
Fields
Field
Football fields
Football field
Golf courses
Golf course
Raceways
Raceway
Rifle range
Rifle ranges
Rodeo ground
Rodeo grounds
Shooting range
Shooting ranges
Skeet shooting range
Skeet shooting ranges
Ski area
Ski areas
Ski facility
Ski facilities
Ski trail
Ski trails
Speedway
Speedways
Stadium
Stadiums
Swimming pool
Swimming pools
Tennis court
Tennis courts