is used in
written by
In
constructed
is buried in
used by
starred in
appear on
separate
take place
take place in
between
flows between
sink in
is also known as
star in
spoken in
sent into space
is known as
's state
cover
covers
produced in
married
locate
located
in
locate in
located in
's
on
over
at
base
is near
of
from at
headquartered
based
has
have
had
is
for
know for
know as
stand for
abbreviate
consider
designate
designate as
part of
subpart of
represent
member of
buy
join
collaborate
run by
operated
own
take part
control
manage
supervise
take over
took over
taken over
derive from
originate
base on
extract from
come from
belong to
refer
refer to
write
compose
record
paint
release
publish
create
introduce
develop
complete
sell
sells
invent
painting
invented
created
developed
manufactures
written
wrote
painted
made
do business as
market as
advertise as
as marketing name
establish
established
register
registers
registered
contributor of
contribute
contribution of
support by
supply by
criticize by
creation of
composed
passed
make
making
employed
work for
work in
led by
ruled by
guided by
inspired by
managed by
represents
take position in
participate
born by
hold
held
work
designated
inducted
commissioned
duty
are
was
were
do for a living
became
become
play
played
sibling
marry
in marriage with
held by
in charge of
designated to
commissioned to
inducted to
written in
involved in
involved
involve in
manages
supervises
owns
owned
found
belong
belongs
buys
bought
property of
properties of
possessed
possession of
operate by
manipulate by
possess
possesion of
partially control
partially own
produced by
manufactured by
sells
provide
sold
provided
register in
holds
stated
state
states
makes
offer
offers
offered
nominate
nominates
nominated
propose
proposes
proposed
suggest
suggested
suggesting
creates
flows
subtopic of
subtitle of
post
role in
duty in
provides
managed
registers
used in
fax of
's fax
's national
published
produces
recorded
coined
invest
invested
invests
issues
issued
publish in
by publisher
trade on
subsector of
whose name is
whose name are
called
's name is
's name are
exp
produce
produced
staring
started
a member of
syndicated
manufacture
manufactured
producing
teach
teaches
teaching
works in
worked in
danced for
short for
known for
known as
given to
expansion of
elected
fly
carry
used for
HAS
LOCATED IN
IN
USED IN
PART OF
OF
'S
IS
WAS
ARE
WERE
NAME ARE
CALLED
IS CITY OF
IS PROVINCE OF
ARE CITY OF
ARE PROVINCE OF
IS THE CITY OF
IS THE PROVINCE OF
ARE THE CITY OF
ARE THE PROVINCE OF
starred
staring
stand for
live in
does
do
did
known as
publish
do for a living
invent
from
come from
married to
a member of
work for
released
founded
flows
wrote
join
graduate
born
go to
graduate
over
live
located
created
developed
manufacturers
owns
started
manufactures
worked in
lived in
works in
lives in
known for
advertise for
write
teach
written
grow up
represents
manufacture
short for
compose
published
hold
recorded
get a degree
manufactured
employed
receive
involved
introduced
collaborate
took over
organized
buy
buried in
assassinated
killed
shot
invented
discovered
found
painted
started
danced for
acted
sells
is near
made
portrayed
sink
became
discover
represented
has
located in
in
part of
of
operated by
's
for
expression for
on
die
discover
paint
painting
famous for
is halfway between
won
win
go
develop
provides
walk
fly
occur
crash
begin
end
crash
start
fire
fired
colonized
caused
awarded
play for
at
introduce
producing
named
syndicated
established
manages
produces
owned
with
causes
treat
held
hold citizenship
given to
make
died
have
refer
interest in
become
mean
to
from
sent into space
advertises for
coined
elected
begin operations
led
used for
portrayed
played
defeated
perform
revolve around
get
investigated
planning to marry
impersonated
appeared
involved in
airs
nominated
supported
withdraw
supervised
commissioned
fly
build
built
based
base
uses
signed
opposed
reported
provided assistance
exports
take for
against
staged
belong
holds
completed
affected
supplied
manages
associated
bachelor 's degree
help fund
disbanded
eat
carried
exhibit
carry
displayed
inducted
criticized
sponsors
want to change
describes
about
headquartered
headquarter
carry out
died in
killed in
were killed in
visit
visited
produce
purchase
display
offered
sleep
accused
evolved
registers
ran
run
runs
paid
done
spread
near
received
applied
turned
applied
received
turned
is considered
considered
traveled
traveled with
performed
contributed
ran for
sent
gave
defect

